Failed to start or connect to the Nx Daemon process.

Messages from the log:
Error: listen EPERM: operation not permitted /tmp/59fcbe7867c9468bad7f/d.sock
    at Server.setupListenHandle [as _listen2] (node:net:1918:21)
    at listenInCluster (node:net:1997:12)
    at Server.listen (node:net:2119:5)
    at /home/ymsl/Documents/IdeaProjects/open-simplepoint-dashboard/open-simplepoint-dashboard-react/node_modules/.pnpm/nx@21.6.10/node_modules/nx/src/daemon/server/server.js:381:20
    at new Promise (<anonymous>)
    at startServer (/home/ymsl/Documents/IdeaProjects/open-simplepoint-dashboard/open-simplepoint-dashboard-react/node_modules/.pnpm/nx@21.6.10/node_modules/nx/src/daemon/server/server.js:379:12)
    at async /home/ymsl/Documents/IdeaProjects/open-simplepoint-dashboard/open-simplepoint-dashboard-react/node_modules/.pnpm/nx@21.6.10/node_modules/nx/src/daemon/server/start.js:8:9
Emitted 'error' event on Server instance at:
    at emitErrorNT (node:net:1976:8)
    at process.processTicksAndRejections (node:internal/process/task_queues:89:21) {
  code: 'EPERM',
  errno: -1,
  syscall: 'listen',
  address: '/tmp/59fcbe7867c9468bad7f/d.sock',
  port: -1
}

Node.js v24.11.1



More information: /home/ymsl/Documents/IdeaProjects/open-simplepoint-dashboard/open-simplepoint-dashboard-react/.nx/workspace-data/d/daemon.log